Log file open, 02/01/26 17:07:28
LogTrace: Initializing trace...
LogTrace: Finished trace initialization.
LogInit: Session CrashGUID >====================================================
         Session CrashGUID >   UECC-Windows-570F67FB46A2D3A5A5B7258231C270B4
         Session CrashGUID >====================================================
LogConfig: No local boot hotfix file found at: [P:/Coding/Unreal Projects/Multiplayer-Project/Blaster/Saved/PersistentDownloadDir/HotfixForNextBoot.txt]
LogPluginManager: Mounting Engine plugin PlatformCrypto
LogInit: ExecutableName: UnrealPak.exe
LogInit: Build: ++UE5+Release-5.6-CL-44394996
LogInit: Platform=WindowsEditor
LogInit: MachineId=02c3566b40d09306d90269a76eed6a5a
LogInit: DeviceId=
LogInit: Engine Version: 5.6.1-44394996+++UE5+Release-5.6
LogInit: Compatible Engine Version: 5.6.0-43139311+++UE5+Release-5.6
LogInit: Net CL: 43139311
LogInit: OS: Windows 11 (24H2) [10.0.26100.7623] (), CPU: AMD Ryzen 5 5600X 6-Core Processor             , GPU: AMD Radeon RX 6950 XT
LogInit: Compiled (64-bit): Jul 28 2025 21:09:38
LogInit: Architecture: x64
LogInit: Compiled with Visual C++: 19.38.33130.00
LogInit: Build Configuration: Development
LogInit: Branch Name: ++UE5+Release-5.6
LogInit: Command Line: -CreateGlobalContainer="P:\Coding\Unreal Projects\Multiplayer-Project\Blaster\Saved\StagedBuilds\Windows\Blaster\Content\Paks\global.utoc" -PackageStoreManifest="P:\Coding\Unreal Projects\Multiplayer-Project\Blaster\Saved\Cooked\Windows\Blaster\Metadata\packagestore.manifest" -CookedDirectory="P:\Coding\Unreal Projects\Multiplayer-Project\Blaster\Saved\Cooked\Windows" -Commands="C:\Users\jacob\AppData\Roaming\Unreal Engine\AutomationTool\Logs\S+UE5+UE_5.6\IoStoreCommands.txt" -ScriptObjects="P:\Coding\Unreal Projects\Multiplayer-Project\Blaster\Saved\Cooked\Windows\Blaster\Metadata\scriptobjects.bin" -patchpaddingalign=2048 -compressionformats=Oodle -compresslevel=4 -compressmethod=Kraken -cryptokeys="P:\Coding\Unreal Projects\Multiplayer-Project\Blaster\Saved\Cooked\Windows\Blaster\Metadata\Crypto.json" -compressionMinBytesSaved=1024 -compressionMinPercentSaved=5 -WriteBackMetadataToAssetRegistry=Disabled -nopak
LogInit: Base Directory: S:/UE5/UE_5.6/Engine/Binaries/Win64/
LogInit: Allocator: Mimalloc
LogInit: Installed Engine Build: 1
LogInit: This binary is optimized with LTO: no, PGO: no, instrumented for PGO data collection: no
LogDevObjectVersion: Number of dev versions registered: 35
LogDevObjectVersion:   Dev-Blueprints (B0D832E4-1F89-4F0D-ACCF-7EB736FD4AA2): 10
LogDevObjectVersion:   Dev-Build (E1C64328-A22C-4D53-A36C-8E866417BD8C): 0
LogDevObjectVersion:   Dev-Core (375EC13C-06E4-48FB-B500-84F0262A717E): 4
LogDevObjectVersion:   Dev-Editor (E4B068ED-F494-42E9-A231-DA0B2E46BB41): 40
LogDevObjectVersion:   Dev-Framework (CFFC743F-43B0-4480-9391-14DF171D2073): 37
LogDevObjectVersion:   Dev-Mobile (B02B49B5-BB20-44E9-A304-32B752E40360): 3
LogDevObjectVersion:   Dev-Networking (A4E4105C-59A1-49B5-A7C5-40C4547EDFEE): 0
LogDevObjectVersion:   Dev-Online (39C831C9-5AE6-47DC-9A44-9C173E1C8E7C): 0
LogDevObjectVersion:   Dev-Physics (78F01B33-EBEA-4F98-B9B4-84EACCB95AA2): 20
LogDevObjectVersion:   Dev-Platform (6631380F-2D4D-43E0-8009-CF276956A95A): 0
LogDevObjectVersion:   Dev-Rendering (12F88B9F-8875-4AFC-A67C-D90C383ABD29): 49
LogDevObjectVersion:   Dev-Sequencer (7B5AE74C-D270-4C10-A958-57980B212A5A): 13
LogDevObjectVersion:   Dev-VR (D7296918-1DD6-4BDD-9DE2-64A83CC13884): 3
LogDevObjectVersion:   Dev-LoadTimes (C2A15278-BFE7-4AFE-6C17-90FF531DF755): 1
LogDevObjectVersion:   Private-Geometry (6EACA3D4-40EC-4CC1-B786-8BED09428FC5): 3
LogDevObjectVersion:   Dev-AnimPhys (29E575DD-E0A3-4627-9D10-D276232CDCEA): 17
LogDevObjectVersion:   Dev-Anim (AF43A65D-7FD3-4947-9873-3E8ED9C1BB05): 15
LogDevObjectVersion:   Dev-ReflectionCapture (6B266CEC-1EC7-4B8F-A30B-E4D90942FC07): 1
LogDevObjectVersion:   Dev-Automation (0DF73D61-A23F-47EA-B727-89E90C41499A): 1
LogDevObjectVersion:   FortniteMain (601D1886-AC64-4F84-AA16-D3DE0DEAC7D6): 207
LogDevObjectVersion:   FortniteValkyrie (8DBC2C5B-54A7-43E0-A768-FCBB7DA29060): 8
LogDevObjectVersion:   FortniteSeason (5B4C06B7-2463-4AF8-805B-BF70CDF5D0DD): 13
LogDevObjectVersion:   FortniteRelease (E7086368-6B23-4C58-8439-1B7016265E91): 17
LogDevObjectVersion:   Dev-Enterprise (9DFFBCD6-494F-0158-E221-12823C92A888): 11
LogDevObjectVersion:   Dev-Niagara (F2AED0AC-9AFE-416F-8664-AA7FFA26D6FC): 1
LogDevObjectVersion:   Dev-Destruction (174F1F0B-B4C6-45A5-B13F-2EE8D0FB917D): 10
LogDevObjectVersion:   Dev-Physics-Ext (35F94A83-E258-406C-A318-09F59610247C): 41
LogDevObjectVersion:   Dev-PhysicsMaterial-Chaos (B68FC16E-8B1B-42E2-B453-215C058844FE): 1
LogDevObjectVersion:   Dev-CineCamera (B2E18506-4273-CFC2-A54E-F4BB758BBA07): 1
LogDevObjectVersion:   Dev-VirtualProduction (64F58936-FD1B-42BA-BA96-7289D5D0FA4E): 1
LogDevObjectVersion:   UE5-Main (697DD581-E64F-41AB-AA4A-51ECBEB7B628): 121
LogDevObjectVersion:   UE5-Release (D89B5E42-24BD-4D46-8412-ACA8DF641779): 56
LogDevObjectVersion:   UE5-SpecialProject (59DA5D52-1232-4948-B878-597870B8E98B): 9
LogDevObjectVersion:   Dev-MediaFramework (6F0ED827-A609-4895-9C91-998D90180EA4): 2
LogDevObjectVersion:   Dev-NaniteResearch (30D58BE3-95EA-4282-A6E3-B159D8EBB06A): 1
LogInit: Presizing for max 100000 objects, including 0 objects not considered by GC.
LogInit: Object subsystem initialized
LogConfig: Applying CVar settings from Section [Startup] File [../../../Engine/Config/ConsoleVariables.ini]
LogConfig: CVar [[r.DumpShaderDebugInfo:2]] deferred - dummy variable created
LogConfig: CVar [[p.chaos.AllowCreatePhysxBodies:1]] deferred - dummy variable created
LogConfig: CVar [[fx.SkipVectorVMBackendOptimizations:1]] deferred - dummy variable created
LogConfig: CVar [[ds.CADTranslator.Meshing.ActivateThinZoneMeshing:0]] deferred - dummy variable created
LogConfig: CVar [[ds.CADTranslator.Stitching.RemoveThinFaces:0]] deferred - dummy variable created
LogConfig: Applying CVar settings from Section [Startup_Windows] File [../../../Engine/Config/ConsoleVariables.ini]
LogConfig: Applying CVar settings from Section [ConsoleVariables] File [Engine]
[2026.02.01-17.07.28:211][  0]LogInit: Computer: THEBATLESTATION
[2026.02.01-17.07.28:211][  0]LogInit: User: jacob
[2026.02.01-17.07.28:211][  0]LogInit: CPU Page size=4096, Cores=6
[2026.02.01-17.07.28:211][  0]LogInit: High frequency timer resolution =10.000000 MHz
[2026.02.01-17.07.28:211][  0]LogMemory: Process is running as part of a Windows Job with separate resource limits
[2026.02.01-17.07.28:211][  0]LogMemory: Memory total: Physical=31.9GB (32GB approx) Virtual=52.9GB
[2026.02.01-17.07.28:211][  0]LogMemory: Platform Memory Stats for WindowsEditor
[2026.02.01-17.07.28:211][  0]LogMemory: Process Physical Memory: 65.39 MB used, 65.39 MB peak
[2026.02.01-17.07.28:211][  0]LogMemory: Process Virtual Memory: 119.52 MB used, 119.52 MB peak
[2026.02.01-17.07.28:211][  0]LogMemory: Physical Memory: 25952.98 MB used,  6741.19 MB free, 32694.17 MB total
[2026.02.01-17.07.28:211][  0]LogMemory: Virtual Memory: 40023.50 MB used,  14174.68 MB free, 54198.17 MB total
[2026.02.01-17.07.28:216][  0]LogAssetRegistry: FAssetRegistry took 0.0001 seconds to start up
[2026.02.01-17.07.28:217][  0]LogUObjectArray: 462 objects as part of root set at end of initial load.
[2026.02.01-17.07.28:217][  0]LogUObjectArray: CloseDisregardForGC: 0/0 objects in disregard for GC pool
[2026.02.01-17.07.28:217][  0]LogInit: Using OS detected language ().
[2026.02.01-17.07.28:217][  0]LogInit: Using OS detected locale ().
[2026.02.01-17.07.28:217][  0]LogTextLocalizationManager: No localization for '' exists, so 'en' will be used for the language.
[2026.02.01-17.07.28:217][  0]LogTextLocalizationManager: No localization for '' exists, so 'en' will be used for the locale.
[2026.02.01-17.07.28:217][  0]LogInit: Using OS detected language ().
[2026.02.01-17.07.28:217][  0]LogInit: Using OS detected locale ().
[2026.02.01-17.07.28:217][  0]LogTextLocalizationManager: No localization for '' exists, so 'en' will be used for the language.
[2026.02.01-17.07.28:217][  0]LogTextLocalizationManager: No localization for '' exists, so 'en' will be used for the locale.
[2026.02.01-17.07.28:217][  0]LogPakFile: Display: ProjectDir: P:/Coding/Unreal Projects/Multiplayer-Project/Blaster/
[2026.02.01-17.07.28:219][  0]LogIoStore: Display: ==================== IoStore Utils ====================
[2026.02.01-17.07.28:222][  0]LogIoStore: Display: Parsing crypto keys from a crypto key cache file 'P:\Coding\Unreal Projects\Multiplayer-Project\Blaster\Saved\Cooked\Windows\Blaster\Metadata\Crypto.json'
[2026.02.01-17.07.28:231][  0]LogIoStore: Display: Container signing - DISABLED
[2026.02.01-17.07.28:231][  0]LogIoStore: Display: Directory index - ENABLED
[2026.02.01-17.07.28:231][  0]LogIoStore: Display: Using compression format 'Oodle'
[2026.02.01-17.07.28:231][  0]LogIoStore: Display: Using memory mapping alignment '16384'
[2026.02.01-17.07.28:231][  0]LogIoStore: Display: Using compression block size '65536'
[2026.02.01-17.07.28:231][  0]LogIoStore: Display: Using compression block alignment '2048'
[2026.02.01-17.07.28:231][  0]LogIoStore: Display: Using compression min bytes saved '1024'
[2026.02.01-17.07.28:231][  0]LogIoStore: Display: Using compression min percent saved '5'
[2026.02.01-17.07.28:231][  0]LogIoStore: Display: Using max partition size '0'
[2026.02.01-17.07.28:231][  0]LogIoStore: Display: Not using DDC for compression
[2026.02.01-17.07.28:231][  0]LogIoStore: Display: Using command list file: 'C:\Users\jacob\AppData\Roaming\Unreal Engine\AutomationTool\Logs\S+UE5+UE_5.6\IoStoreCommands.txt'
[2026.02.01-17.07.28:301][  0]LogIoStore: Display: Selected Oodle level 4 (Normal) from command line for shaders
[2026.02.01-17.07.28:303][  0]LogIoStore: Display: Fetched 937 oplog items from Manifest in 0.00 seconds
[2026.02.01-17.07.28:311][  0]LogIoStore: Display: Parsed 937 oplog items 0.01 seconds, 1259 chunks
[2026.02.01-17.07.28:335][  0]LogIoStore: Display: Using input asset registry: P:/Coding/Unreal Projects/Multiplayer-Project/Blaster/Saved/Cooked/Windows/Blaster/Metadata/DevelopmentAssetRegistry.bin
[2026.02.01-17.07.28:352][  0]LogIoStore: Display: Loaded 329 chunk hashes from AssetRegistry in 0.04 seconds, 329 hashes updated in 0.00 seconds
[2026.02.01-17.07.28:353][  0]LogIoStore: Display: Searching for cooked assets in folder 'P:\Coding\Unreal Projects\Multiplayer-Project\Blaster\Saved\Cooked\Windows'
[2026.02.01-17.07.28:369][  0]LogIoStore: Display: Found '2197' files
[2026.02.01-17.07.28:381][  0]LogIoStore: Display: Creating container targets...
[2026.02.01-17.07.28:387][  0]OodleDataCompression: Display: Oodle v2.9.13 format for pak/iostore with method=Kraken, level=4=Normal
[2026.02.01-17.07.28:445][  0]LogIoStore: Display: Parsing packages...
[2026.02.01-17.07.28:445][  0]LogIoStore: Display: Reading package assets...
[2026.02.01-17.07.28:459][  0]LogIoStore: Display: Packages read 930 files in 0.01 seconds, 1,505,979 total bytes, 113,342,289 bytes per second
[2026.02.01-17.07.28:465][  0]LogIoStore: Display: Processing shader libraries, compressing with Oodle Mermaid, level 4 (Normal)
[2026.02.01-17.07.28:471][  0]LogShaderLibrary: Display: Created IoStoreShaderArchive header: shaders grouped in 222 groups (91 of them didn't need new indices), average uncompressed size 68738 bytes, min 490 bytes, max 963647 bytes (r.ShaderCodeLibrary.MaxShaderGroupSize=1048576)
[2026.02.01-17.07.28:509][  0]LogIoStore: Display: Blaster-PCD3D_SM5(PCD3D_SM5): Recompressed 1464 shaders as 222 groups. Library size changed from 4195 KB (3.55 : 1 ratio) to 1783 KB (8.35 : 1 ratio), 42.51% of previous.
[2026.02.01-17.07.28:518][  0]LogShaderLibrary: Display: Created IoStoreShaderArchive header: shaders grouped in 252 groups (73 of them didn't need new indices), average uncompressed size 132397 bytes, min 2342 bytes, max 959985 bytes (r.ShaderCodeLibrary.MaxShaderGroupSize=1048576)
[2026.02.01-17.07.28:657][  0]LogIoStore: Display: Blaster-PCD3D_SM6(PCD3D_SM6): Recompressed 2690 shaders as 252 groups. Library size changed from 24934 KB (1.31 : 1 ratio) to 16271 KB (2.00 : 1 ratio), 65.26% of previous.
[2026.02.01-17.07.28:666][  0]LogShaderLibrary: Display: Created IoStoreShaderArchive header: shaders grouped in 379 groups (139 of them didn't need new indices), average uncompressed size 150965 bytes, min 249 bytes, max 1048075 bytes (r.ShaderCodeLibrary.MaxShaderGroupSize=1048576)
[2026.02.01-17.07.28:789][  0]LogIoStore: Display: Global-PCD3D_SM5(PCD3D_SM5): Recompressed 4106 shaders as 379 groups. Library size changed from 12766 KB (4.38 : 1 ratio) to 5612 KB (9.96 : 1 ratio), 43.96% of previous.
[2026.02.01-17.07.28:846][  0]LogShaderLibrary: Display: Created IoStoreShaderArchive header: shaders grouped in 636 groups (187 of them didn't need new indices), average uncompressed size 298237 bytes, min 1249 bytes, max 1045520 bytes (r.ShaderCodeLibrary.MaxShaderGroupSize=1048576)
[2026.02.01-17.07.29:647][  0]LogIoStore: Display: Global-PCD3D_SM6(PCD3D_SM6): Recompressed 10691 shaders as 636 groups. Library size changed from 140593 KB (1.32 : 1 ratio) to 82364 KB (2.25 : 1 ratio), 58.58% of previous.
[2026.02.01-17.07.29:655][  0]LogIoStore: Display: Shaders processed in 1.19 seconds
[2026.02.01-17.07.29:656][  0]LogIoStore: Display: Initialized WriteRequestManager with MaxConcurrentSourceReads=6 (12 cores), MaxSourceBufferMemory=3072MiB
[2026.02.01-17.07.29:659][  0]LogIoStore: Display: Processing redirects...
[2026.02.01-17.07.29:659][  0]LogIoStore: Display: Creating disk layout...
[2026.02.01-17.07.29:660][  0]LogIoStore: Display: Ordered 930 packages using fallback bundle order
[2026.02.01-17.07.29:675][  0]LogIoStore: Display: Serializing container(s)...
[2026.02.01-17.07.31:099][  0]LogIoStore: Display: Writing and compressing took 1.37 seconds, writes to disk took 1.17 seconds for 422,916,960 bytes @ 359,947,309 bytes per second.
[2026.02.01-17.07.31:100][  0]LogIoStore: Display: Blaster-Windows: Found perfect hashmap for 2752 items.
[2026.02.01-17.07.31:676][  0]LogIoStore: Display: Writing tocs... [Physical: 974 MiB, Virtual: 3503 MiB]
[2026.02.01-17.07.31:688][  0]LogIoStore: Display: global: Found perfect hashmap for 1 items.
[2026.02.01-17.07.32:248][  0]LogIoStore: Display: Finalize took 1.1 seconds for 2 writers to write 353,493 bytes, 307,754 bytes per second
[2026.02.01-17.07.32:248][  0]LogIoStore: Display: Writing tocs... [Physical: 975 MiB, Virtual: 3503 MiB]
[2026.02.01-17.07.32:248][  0]LogIoStore: Display: 329 / 2,753 hashes were loaded from the hash database, by type:
[2026.02.01-17.07.32:248][  0]LogIoStore: Display:     BulkData                   329
[2026.02.01-17.07.32:248][  0]LogIoStore: Display: 1,259 / 2,753 chunks attempted to compress, by type:
[2026.02.01-17.07.32:248][  0]LogIoStore: Display:     ExportBundleData           930 / 930
[2026.02.01-17.07.32:248][  0]LogIoStore: Display:     BulkData                   329 / 329
[2026.02.01-17.07.32:248][  0]LogIoStore: Display:     ScriptObjects              0 / 1
[2026.02.01-17.07.32:248][  0]LogIoStore: Display:     ContainerHeader            0 / 1
[2026.02.01-17.07.32:248][  0]LogIoStore: Display:     ShaderCodeLibrary          0 / 4
[2026.02.01-17.07.32:248][  0]LogIoStore: Display:     ShaderCode                 0 / 1,488
[2026.02.01-17.07.32:248][  0]LogIoStore: Display: Source bytes read:
[2026.02.01-17.07.32:248][  0]LogIoStore: Display:     Zen:                                  0
[2026.02.01-17.07.32:248][  0]LogIoStore: Display:     Loose File:                 799,455,429
[2026.02.01-17.07.32:248][  0]LogIoStore: Display:         ExportBundleData        357,115,224 bytes over 1,860 reads
[2026.02.01-17.07.32:248][  0]LogIoStore: Display:         BulkData                442,340,205 bytes over 329 reads
[2026.02.01-17.07.32:248][  0]LogIoStore: Display:     Memory:                     218,673,230
[2026.02.01-17.07.32:248][  0]LogIoStore: Display:         ShaderCodeLibrary         1,520,296 bytes over 8 reads
[2026.02.01-17.07.32:248][  0]LogIoStore: Display:         ShaderCode              217,152,934 bytes over 2,976 reads
[2026.02.01-17.07.32:248][  0]LogIoStore: Display: Calculating stats...
[2026.02.01-17.07.32:248][  0]LogIoStore: Display: 
[2026.02.01-17.07.32:248][  0]LogIoStore: Display: Container Summary
[2026.02.01-17.07.32:248][  0]LogIoStore: Display: ==================
[2026.02.01-17.07.32:248][  0]LogIoStore: Display: 
[2026.02.01-17.07.32:248][  0]LogIoStore: Display: Container                                               Flags      Chunk(s) #       TOC (KiB)       Raw Size (MiB)           Size (MiB)
[2026.02.01-17.07.32:248][  0]LogIoStore: Display: ----------------------------------------------------------------------------------------------------------------------------------------------
[2026.02.01-17.07.32:248][  0]LogIoStore: Display: global                                              -/-/-/-/-               1            0.66                 2.44                 2.44 -
[2026.02.01-17.07.32:249][  0]LogIoStore: Display: Blaster-Windows                                     C/-/-/I/-            2752          344.55               699.33               400.89 (42.68% Oodle)
[2026.02.01-17.07.32:249][  0]LogIoStore: Display: ----------------------------------------------------------------------------------------------------------------------------------------------
[2026.02.01-17.07.32:249][  0]LogIoStore: Display: Total                                                                    2753          345.21               701.77               403.33
[2026.02.01-17.07.32:249][  0]LogIoStore: Display: 
[2026.02.01-17.07.32:249][  0]LogIoStore: Display: ** Flags: (C)ompressed / (E)ncrypted / (S)igned) / (I)ndexed) / (O)nDemand **
[2026.02.01-17.07.32:249][  0]LogIoStore: Display: 
[2026.02.01-17.07.32:249][  0]LogIoStore: Display: Compression block padding:     2.00 MiB
[2026.02.01-17.07.32:249][  0]LogIoStore: Display: 
[2026.02.01-17.07.32:249][  0]LogIoStore: Display: Container Directory Index
[2026.02.01-17.07.32:249][  0]LogIoStore: Display: ==========================
[2026.02.01-17.07.32:249][  0]LogIoStore: Display: 
[2026.02.01-17.07.32:249][  0]LogIoStore: Display: Container                                          Size (KiB)
[2026.02.01-17.07.32:249][  0]LogIoStore: Display: ----------------------------------------------------------------------------------------------------------------------------------------------
[2026.02.01-17.07.32:249][  0]LogIoStore: Display: global                                                   0.00
[2026.02.01-17.07.32:249][  0]LogIoStore: Display: Blaster-Windows                                         59.38
[2026.02.01-17.07.32:249][  0]LogIoStore: Display: 
[2026.02.01-17.07.32:249][  0]LogIoStore: Display: Container Patch Report
[2026.02.01-17.07.32:249][  0]LogIoStore: Display: ========================
[2026.02.01-17.07.32:249][  0]LogIoStore: Display: 
[2026.02.01-17.07.32:249][  0]LogIoStore: Display: Container                                             Total #       Modified #          Added #   Modified (MiB)      Added (MiB)
[2026.02.01-17.07.32:249][  0]LogIoStore: Display: ----------------------------------------------------------------------------------------------------------------------------------------------
[2026.02.01-17.07.32:249][  0]LogIoStore: Display: global                                                      1                0                0             0.00             0.00
[2026.02.01-17.07.32:249][  0]LogIoStore: Display: Blaster-Windows                                          2752                0             2752             0.00           398.88
[2026.02.01-17.07.32:249][  0]LogIoStore: Display: 
[2026.02.01-17.07.32:249][  0]LogIoStore: Display: PackageStore
[2026.02.01-17.07.32:249][  0]LogIoStore: Display: =============
[2026.02.01-17.07.32:249][  0]LogIoStore: Display: 
[2026.02.01-17.07.32:249][  0]LogIoStore: Display: Container                                          Size (KiB)      Packages #     Localized #
[2026.02.01-17.07.32:249][  0]LogIoStore: Display: ----------------------------------------------------------------------------------------------------------------------------------------------
[2026.02.01-17.07.32:249][  0]LogIoStore: Display: Blaster-Windows                                            31             930               0
[2026.02.01-17.07.32:249][  0]LogIoStore: Display: ----------------------------------------------------------------------------------------------------------------------------------------------
[2026.02.01-17.07.32:249][  0]LogIoStore: Display: Total                                                      31             930               0
[2026.02.01-17.07.32:249][  0]LogIoStore: Display: 
[2026.02.01-17.07.32:249][  0]LogIoStore: Display: 
[2026.02.01-17.07.32:249][  0]LogIoStore: Display: Input:       930 Packages
[2026.02.01-17.07.32:249][  0]LogIoStore: Display: Input:      0.17 GB UExp
[2026.02.01-17.07.32:249][  0]LogIoStore: Display: Input:      0.00 GB UAsset
[2026.02.01-17.07.32:249][  0]LogIoStore: Display: Input:      0.41 GB UBulk
[2026.02.01-17.07.32:249][  0]LogIoStore: Display: Input:     85.91 MB for 1015 Global shaders
[2026.02.01-17.07.32:249][  0]LogIoStore: Display: Input:      2.37 MB for 218 Shared shaders
[2026.02.01-17.07.32:249][  0]LogIoStore: Display: Input:      0.00 MB for 0 Unique shaders
[2026.02.01-17.07.32:249][  0]LogIoStore: Display: Input:     15.27 MB for 255 Inline shaders
[2026.02.01-17.07.32:249][  0]LogIoStore: Display: 
[2026.02.01-17.07.32:249][  0]LogIoStore: Display: Output:     7751 Name map entries
[2026.02.01-17.07.32:249][  0]LogIoStore: Display: Output:     1407 Imported package entries
[2026.02.01-17.07.32:249][  0]LogIoStore: Display: Output:      537 Packages without imports
[2026.02.01-17.07.32:249][  0]LogIoStore: Display: Output:        0 Public runtime script objects
[2026.02.01-17.07.32:249][  0]LogIoStore: Display: Output:     0.00 GB HeaderData
[2026.02.01-17.07.32:249][  0]LogIoStore: Display: Output:     2.44 MB InitialLoadData
[2026.02.01-17.07.32:249][  0]LogIoStore: Display: 
[2026.02.01-17.07.32:259][  0]LogPakFile: Display: UnrealPak executed in 4.041581 seconds
[2026.02.01-17.07.32:631][  0]LogCore: Engine exit requested (reason: UnrealPak Exiting)
[2026.02.01-17.07.32:631][  0]LogExit: Preparing to exit.
[2026.02.01-17.07.32:631][  0]LogExit: Object subsystem successfully closed.
[2026.02.01-17.07.32:632][  0]LogPakFile: Destroying PakPlatformFile
[2026.02.01-17.07.32:632][  0]LogExit: Exiting.
[2026.02.01-17.07.32:951][  0]Log file closed, 02/01/26 17:07:32
