Log file open, 11/17/25 14:20:20
LogTrace: Initializing trace...
LogTrace: Finished trace initialization.
LogInit: Session CrashGUID >====================================================
         Session CrashGUID >   UECC-Windows-6D9143134DEA67259800E987DA4CC778
         Session CrashGUID >====================================================
LogConfig: No local boot hotfix file found at: [P:/Coding/Unreal Projects/Multiplayer-Project/Blaster/Saved/PersistentDownloadDir/HotfixForNextBoot.txt]
LogPluginManager: Mounting Engine plugin PlatformCrypto
LogInit: ExecutableName: UnrealPak.exe
LogInit: Build: ++UE5+Release-5.6-CL-44394996
LogInit: Platform=WindowsEditor
LogInit: MachineId=02c3566b40d09306d90269a76eed6a5a
LogInit: DeviceId=
LogInit: Engine Version: 5.6.1-44394996+++UE5+Release-5.6
LogInit: Compatible Engine Version: 5.6.0-43139311+++UE5+Release-5.6
LogInit: Net CL: 43139311
LogInit: OS: Windows 11 (24H2) [10.0.26100.7171] (), CPU: AMD Ryzen 5 5600X 6-Core Processor             , GPU: AMD Radeon RX 6950 XT
LogInit: Compiled (64-bit): Jul 28 2025 21:09:38
LogInit: Architecture: x64
LogInit: Compiled with Visual C++: 19.38.33130.00
LogInit: Build Configuration: Development
LogInit: Branch Name: ++UE5+Release-5.6
LogInit: Command Line: -CreateGlobalContainer="P:\Coding\Unreal Projects\Multiplayer-Project\Blaster\Saved\StagedBuilds\Windows\Blaster\Content\Paks\global.utoc" -PackageStoreManifest="P:\Coding\Unreal Projects\Multiplayer-Project\Blaster\Saved\Cooked\Windows\Blaster\Metadata\packagestore.manifest" -CookedDirectory="P:\Coding\Unreal Projects\Multiplayer-Project\Blaster\Saved\Cooked\Windows" -Commands="C:\Users\jacob\AppData\Roaming\Unreal Engine\AutomationTool\Logs\S+UE5+UE_5.6\IoStoreCommands.txt" -ScriptObjects="P:\Coding\Unreal Projects\Multiplayer-Project\Blaster\Saved\Cooked\Windows\Blaster\Metadata\scriptobjects.bin" -patchpaddingalign=2048 -compressionformats=Oodle -compresslevel=4 -compressmethod=Kraken -cryptokeys="P:\Coding\Unreal Projects\Multiplayer-Project\Blaster\Saved\Cooked\Windows\Blaster\Metadata\Crypto.json" -compressionMinBytesSaved=1024 -compressionMinPercentSaved=5 -WriteBackMetadataToAssetRegistry=Disabled -nopak
LogInit: Base Directory: S:/UE5/UE_5.6/Engine/Binaries/Win64/
LogInit: Allocator: Mimalloc
LogInit: Installed Engine Build: 1
LogInit: This binary is optimized with LTO: no, PGO: no, instrumented for PGO data collection: no
LogDevObjectVersion: Number of dev versions registered: 35
LogDevObjectVersion:   Dev-Blueprints (B0D832E4-1F89-4F0D-ACCF-7EB736FD4AA2): 10
LogDevObjectVersion:   Dev-Build (E1C64328-A22C-4D53-A36C-8E866417BD8C): 0
LogDevObjectVersion:   Dev-Core (375EC13C-06E4-48FB-B500-84F0262A717E): 4
LogDevObjectVersion:   Dev-Editor (E4B068ED-F494-42E9-A231-DA0B2E46BB41): 40
LogDevObjectVersion:   Dev-Framework (CFFC743F-43B0-4480-9391-14DF171D2073): 37
LogDevObjectVersion:   Dev-Mobile (B02B49B5-BB20-44E9-A304-32B752E40360): 3
LogDevObjectVersion:   Dev-Networking (A4E4105C-59A1-49B5-A7C5-40C4547EDFEE): 0
LogDevObjectVersion:   Dev-Online (39C831C9-5AE6-47DC-9A44-9C173E1C8E7C): 0
LogDevObjectVersion:   Dev-Physics (78F01B33-EBEA-4F98-B9B4-84EACCB95AA2): 20
LogDevObjectVersion:   Dev-Platform (6631380F-2D4D-43E0-8009-CF276956A95A): 0
LogDevObjectVersion:   Dev-Rendering (12F88B9F-8875-4AFC-A67C-D90C383ABD29): 49
LogDevObjectVersion:   Dev-Sequencer (7B5AE74C-D270-4C10-A958-57980B212A5A): 13
LogDevObjectVersion:   Dev-VR (D7296918-1DD6-4BDD-9DE2-64A83CC13884): 3
LogDevObjectVersion:   Dev-LoadTimes (C2A15278-BFE7-4AFE-6C17-90FF531DF755): 1
LogDevObjectVersion:   Private-Geometry (6EACA3D4-40EC-4CC1-B786-8BED09428FC5): 3
LogDevObjectVersion:   Dev-AnimPhys (29E575DD-E0A3-4627-9D10-D276232CDCEA): 17
LogDevObjectVersion:   Dev-Anim (AF43A65D-7FD3-4947-9873-3E8ED9C1BB05): 15
LogDevObjectVersion:   Dev-ReflectionCapture (6B266CEC-1EC7-4B8F-A30B-E4D90942FC07): 1
LogDevObjectVersion:   Dev-Automation (0DF73D61-A23F-47EA-B727-89E90C41499A): 1
LogDevObjectVersion:   FortniteMain (601D1886-AC64-4F84-AA16-D3DE0DEAC7D6): 207
LogDevObjectVersion:   FortniteValkyrie (8DBC2C5B-54A7-43E0-A768-FCBB7DA29060): 8
LogDevObjectVersion:   FortniteSeason (5B4C06B7-2463-4AF8-805B-BF70CDF5D0DD): 13
LogDevObjectVersion:   FortniteRelease (E7086368-6B23-4C58-8439-1B7016265E91): 17
LogDevObjectVersion:   Dev-Enterprise (9DFFBCD6-494F-0158-E221-12823C92A888): 11
LogDevObjectVersion:   Dev-Niagara (F2AED0AC-9AFE-416F-8664-AA7FFA26D6FC): 1
LogDevObjectVersion:   Dev-Destruction (174F1F0B-B4C6-45A5-B13F-2EE8D0FB917D): 10
LogDevObjectVersion:   Dev-Physics-Ext (35F94A83-E258-406C-A318-09F59610247C): 41
LogDevObjectVersion:   Dev-PhysicsMaterial-Chaos (B68FC16E-8B1B-42E2-B453-215C058844FE): 1
LogDevObjectVersion:   Dev-CineCamera (B2E18506-4273-CFC2-A54E-F4BB758BBA07): 1
LogDevObjectVersion:   Dev-VirtualProduction (64F58936-FD1B-42BA-BA96-7289D5D0FA4E): 1
LogDevObjectVersion:   UE5-Main (697DD581-E64F-41AB-AA4A-51ECBEB7B628): 121
LogDevObjectVersion:   UE5-Release (D89B5E42-24BD-4D46-8412-ACA8DF641779): 56
LogDevObjectVersion:   UE5-SpecialProject (59DA5D52-1232-4948-B878-597870B8E98B): 9
LogDevObjectVersion:   Dev-MediaFramework (6F0ED827-A609-4895-9C91-998D90180EA4): 2
LogDevObjectVersion:   Dev-NaniteResearch (30D58BE3-95EA-4282-A6E3-B159D8EBB06A): 1
LogInit: Presizing for max 100000 objects, including 0 objects not considered by GC.
LogInit: Object subsystem initialized
LogConfig: Applying CVar settings from Section [Startup] File [../../../Engine/Config/ConsoleVariables.ini]
LogConfig: CVar [[r.DumpShaderDebugInfo:2]] deferred - dummy variable created
LogConfig: CVar [[p.chaos.AllowCreatePhysxBodies:1]] deferred - dummy variable created
LogConfig: CVar [[fx.SkipVectorVMBackendOptimizations:1]] deferred - dummy variable created
LogConfig: CVar [[ds.CADTranslator.Meshing.ActivateThinZoneMeshing:0]] deferred - dummy variable created
LogConfig: CVar [[ds.CADTranslator.Stitching.RemoveThinFaces:0]] deferred - dummy variable created
LogConfig: Applying CVar settings from Section [Startup_Windows] File [../../../Engine/Config/ConsoleVariables.ini]
[2025.11.17-14.20.20:450][  0]LogConfig: Applying CVar settings from Section [ConsoleVariables] File [Engine]
[2025.11.17-14.20.20:450][  0]LogInit: Computer: THEBATLESTATION
[2025.11.17-14.20.20:450][  0]LogInit: User: jacob
[2025.11.17-14.20.20:450][  0]LogInit: CPU Page size=4096, Cores=6
[2025.11.17-14.20.20:450][  0]LogInit: High frequency timer resolution =10.000000 MHz
[2025.11.17-14.20.20:450][  0]LogMemory: Process is running as part of a Windows Job with separate resource limits
[2025.11.17-14.20.20:450][  0]LogMemory: Memory total: Physical=31.9GB (32GB approx) Virtual=45.5GB
[2025.11.17-14.20.20:450][  0]LogMemory: Platform Memory Stats for WindowsEditor
[2025.11.17-14.20.20:450][  0]LogMemory: Process Physical Memory: 65.42 MB used, 65.42 MB peak
[2025.11.17-14.20.20:450][  0]LogMemory: Process Virtual Memory: 119.12 MB used, 119.12 MB peak
[2025.11.17-14.20.20:450][  0]LogMemory: Physical Memory: 25086.50 MB used,  7607.67 MB free, 32694.17 MB total
[2025.11.17-14.20.20:450][  0]LogMemory: Virtual Memory: 41907.51 MB used,  4675.00 MB free, 46582.51 MB total
[2025.11.17-14.20.20:458][  0]LogAssetRegistry: FAssetRegistry took 0.0001 seconds to start up
[2025.11.17-14.20.20:459][  0]LogUObjectArray: 462 objects as part of root set at end of initial load.
[2025.11.17-14.20.20:459][  0]LogUObjectArray: CloseDisregardForGC: 0/0 objects in disregard for GC pool
[2025.11.17-14.20.20:460][  0]LogInit: Using OS detected language ().
[2025.11.17-14.20.20:460][  0]LogInit: Using OS detected locale ().
[2025.11.17-14.20.20:461][  0]LogTextLocalizationManager: No localization for '' exists, so 'en' will be used for the language.
[2025.11.17-14.20.20:461][  0]LogTextLocalizationManager: No localization for '' exists, so 'en' will be used for the locale.
[2025.11.17-14.20.20:461][  0]LogInit: Using OS detected language ().
[2025.11.17-14.20.20:461][  0]LogInit: Using OS detected locale ().
[2025.11.17-14.20.20:462][  0]LogTextLocalizationManager: No localization for '' exists, so 'en' will be used for the language.
[2025.11.17-14.20.20:462][  0]LogTextLocalizationManager: No localization for '' exists, so 'en' will be used for the locale.
[2025.11.17-14.20.20:462][  0]LogPakFile: Display: ProjectDir: P:/Coding/Unreal Projects/Multiplayer-Project/Blaster/
[2025.11.17-14.20.20:464][  0]LogIoStore: Display: ==================== IoStore Utils ====================
[2025.11.17-14.20.20:468][  0]LogIoStore: Display: Parsing crypto keys from a crypto key cache file 'P:\Coding\Unreal Projects\Multiplayer-Project\Blaster\Saved\Cooked\Windows\Blaster\Metadata\Crypto.json'
[2025.11.17-14.20.20:478][  0]LogIoStore: Display: Container signing - DISABLED
[2025.11.17-14.20.20:478][  0]LogIoStore: Display: Directory index - ENABLED
[2025.11.17-14.20.20:478][  0]LogIoStore: Display: Using compression format 'Oodle'
[2025.11.17-14.20.20:478][  0]LogIoStore: Display: Using memory mapping alignment '16384'
[2025.11.17-14.20.20:478][  0]LogIoStore: Display: Using compression block size '65536'
[2025.11.17-14.20.20:478][  0]LogIoStore: Display: Using compression block alignment '2048'
[2025.11.17-14.20.20:478][  0]LogIoStore: Display: Using compression min bytes saved '1024'
[2025.11.17-14.20.20:478][  0]LogIoStore: Display: Using compression min percent saved '5'
[2025.11.17-14.20.20:478][  0]LogIoStore: Display: Using max partition size '0'
[2025.11.17-14.20.20:478][  0]LogIoStore: Display: Not using DDC for compression
[2025.11.17-14.20.20:478][  0]LogIoStore: Display: Using command list file: 'C:\Users\jacob\AppData\Roaming\Unreal Engine\AutomationTool\Logs\S+UE5+UE_5.6\IoStoreCommands.txt'
[2025.11.17-14.20.20:481][  0]LogIoStore: Display: Selected Oodle level 4 (Normal) from command line for shaders
[2025.11.17-14.20.20:482][  0]LogIoStore: Display: Fetched 521 oplog items from Manifest in 0.00 seconds
[2025.11.17-14.20.20:487][  0]LogIoStore: Display: Parsed 521 oplog items 0.01 seconds, 643 chunks
[2025.11.17-14.20.20:492][  0]LogIoStore: Display: Using input asset registry: P:/Coding/Unreal Projects/Multiplayer-Project/Blaster/Saved/Cooked/Windows/Blaster/Metadata/DevelopmentAssetRegistry.bin
[2025.11.17-14.20.20:502][  0]LogIoStore: Display: Loaded 129 chunk hashes from AssetRegistry in 0.01 seconds, 129 hashes updated in 0.00 seconds
[2025.11.17-14.20.20:504][  0]LogIoStore: Display: Searching for cooked assets in folder 'P:\Coding\Unreal Projects\Multiplayer-Project\Blaster\Saved\Cooked\Windows'
[2025.11.17-14.20.20:517][  0]LogIoStore: Display: Found '1165' files
[2025.11.17-14.20.20:539][  0]LogIoStore: Display: Creating container targets...
[2025.11.17-14.20.20:544][  0]OodleDataCompression: Display: Oodle v2.9.13 format for pak/iostore with method=Kraken, level=4=Normal
[2025.11.17-14.20.20:604][  0]LogIoStore: Display: Parsing packages...
[2025.11.17-14.20.20:604][  0]LogIoStore: Display: Reading package assets...
[2025.11.17-14.20.20:614][  0]LogIoStore: Display: Packages read 514 files in 0.01 seconds, 790,151 total bytes, 78,382,552 bytes per second
[2025.11.17-14.20.20:619][  0]LogIoStore: Display: Processing shader libraries, compressing with Oodle Mermaid, level 4 (Normal)
[2025.11.17-14.20.20:624][  0]LogShaderLibrary: Display: Created IoStoreShaderArchive header: shaders grouped in 167 groups (74 of them didn't need new indices), average uncompressed size 75835 bytes, min 490 bytes, max 966610 bytes (r.ShaderCodeLibrary.MaxShaderGroupSize=1048576)
[2025.11.17-14.20.20:659][  0]LogIoStore: Display: Blaster-PCD3D_SM5(PCD3D_SM5): Recompressed 1143 shaders as 167 groups. Library size changed from 3379 KB (3.66 : 1 ratio) to 1440 KB (8.59 : 1 ratio), 42.62% of previous.
[2025.11.17-14.20.20:669][  0]LogShaderLibrary: Display: Created IoStoreShaderArchive header: shaders grouped in 194 groups (55 of them didn't need new indices), average uncompressed size 137902 bytes, min 2342 bytes, max 967464 bytes (r.ShaderCodeLibrary.MaxShaderGroupSize=1048576)
[2025.11.17-14.20.20:834][  0]LogIoStore: Display: Blaster-PCD3D_SM6(PCD3D_SM6): Recompressed 2150 shaders as 194 groups. Library size changed from 20006 KB (1.31 : 1 ratio) to 13055 KB (2.00 : 1 ratio), 65.26% of previous.
[2025.11.17-14.20.20:846][  0]LogShaderLibrary: Display: Created IoStoreShaderArchive header: shaders grouped in 379 groups (139 of them didn't need new indices), average uncompressed size 150965 bytes, min 249 bytes, max 1048075 bytes (r.ShaderCodeLibrary.MaxShaderGroupSize=1048576)
[2025.11.17-14.20.20:963][  0]LogIoStore: Display: Global-PCD3D_SM5(PCD3D_SM5): Recompressed 4106 shaders as 379 groups. Library size changed from 12766 KB (4.38 : 1 ratio) to 5612 KB (9.96 : 1 ratio), 43.96% of previous.
[2025.11.17-14.20.21:027][  0]LogShaderLibrary: Display: Created IoStoreShaderArchive header: shaders grouped in 636 groups (187 of them didn't need new indices), average uncompressed size 298237 bytes, min 1249 bytes, max 1045520 bytes (r.ShaderCodeLibrary.MaxShaderGroupSize=1048576)
[2025.11.17-14.20.22:201][  0]LogIoStore: Display: Global-PCD3D_SM6(PCD3D_SM6): Recompressed 10691 shaders as 636 groups. Library size changed from 140593 KB (1.32 : 1 ratio) to 82364 KB (2.25 : 1 ratio), 58.58% of previous.
[2025.11.17-14.20.22:212][  0]LogIoStore: Display: Shaders processed in 1.59 seconds
[2025.11.17-14.20.22:214][  0]LogIoStore: Display: Initialized WriteRequestManager with MaxConcurrentSourceReads=6 (12 cores), MaxSourceBufferMemory=3072MiB
[2025.11.17-14.20.22:219][  0]LogIoStore: Display: Processing redirects...
[2025.11.17-14.20.22:219][  0]LogIoStore: Display: Creating disk layout...
[2025.11.17-14.20.22:219][  0]LogIoStore: Display: Ordered 514 packages using fallback bundle order
[2025.11.17-14.20.22:249][  0]LogIoStore: Display: Serializing container(s)...
[2025.11.17-14.20.22:921][  0]LogIoStore: Display: Writing and compressing took 0.61 seconds, writes to disk took 0.25 seconds for 243,983,888 bytes @ 966,526,225 bytes per second.
[2025.11.17-14.20.22:921][  0]LogIoStore: Display: global: Found perfect hashmap for 1 items.
[2025.11.17-14.20.22:922][  0]LogIoStore: Display: Blaster-Windows: Found perfect hashmap for 2023 items.
[2025.11.17-14.20.23:714][  0]LogIoStore: Display: Finalize took 0.8 seconds for 2 writers to write 204,955 bytes, 258,649 bytes per second
[2025.11.17-14.20.23:714][  0]LogIoStore: Display: Writing tocs... [Physical: 713 MiB, Virtual: 3408 MiB]
[2025.11.17-14.20.23:714][  0]LogIoStore: Display: 129 / 2,024 hashes were loaded from the hash database, by type:
[2025.11.17-14.20.23:714][  0]LogIoStore: Display:     BulkData                   129
[2025.11.17-14.20.23:714][  0]LogIoStore: Display: 643 / 2,024 chunks attempted to compress, by type:
[2025.11.17-14.20.23:714][  0]LogIoStore: Display:     ExportBundleData           514 / 514
[2025.11.17-14.20.23:714][  0]LogIoStore: Display:     BulkData                   129 / 129
[2025.11.17-14.20.23:714][  0]LogIoStore: Display:     ScriptObjects              0 / 1
[2025.11.17-14.20.23:714][  0]LogIoStore: Display:     ContainerHeader            0 / 1
[2025.11.17-14.20.23:714][  0]LogIoStore: Display:     ShaderCodeLibrary          0 / 4
[2025.11.17-14.20.23:714][  0]LogIoStore: Display:     ShaderCode                 0 / 1,375
[2025.11.17-14.20.23:714][  0]LogIoStore: Display: Source bytes read:
[2025.11.17-14.20.23:714][  0]LogIoStore: Display:     Zen:                                  0
[2025.11.17-14.20.23:714][  0]LogIoStore: Display:     Loose File:                 369,792,232
[2025.11.17-14.20.23:714][  0]LogIoStore: Display:         ExportBundleData        340,035,732 bytes over 1,028 reads
[2025.11.17-14.20.23:714][  0]LogIoStore: Display:         BulkData                 29,756,500 bytes over 129 reads
[2025.11.17-14.20.23:714][  0]LogIoStore: Display:     Memory:                     211,307,380
[2025.11.17-14.20.23:714][  0]LogIoStore: Display:         ShaderCodeLibrary         1,444,688 bytes over 8 reads
[2025.11.17-14.20.23:714][  0]LogIoStore: Display:         ShaderCode              209,862,692 bytes over 2,750 reads
[2025.11.17-14.20.23:714][  0]LogIoStore: Display: Calculating stats...
[2025.11.17-14.20.23:714][  0]LogIoStore: Display: 
[2025.11.17-14.20.23:714][  0]LogIoStore: Display: Container Summary
[2025.11.17-14.20.23:714][  0]LogIoStore: Display: ==================
[2025.11.17-14.20.23:714][  0]LogIoStore: Display: 
[2025.11.17-14.20.23:714][  0]LogIoStore: Display: Container                                               Flags      Chunk(s) #       TOC (KiB)       Raw Size (MiB)           Size (MiB)
[2025.11.17-14.20.23:714][  0]LogIoStore: Display: ----------------------------------------------------------------------------------------------------------------------------------------------
[2025.11.17-14.20.23:714][  0]LogIoStore: Display: global                                              -/-/-/-/-               1            0.65                 2.43                 2.43 -
[2025.11.17-14.20.23:714][  0]LogIoStore: Display: Blaster-Windows                                     C/-/-/I/-            2023          199.50               293.23               230.25 (21.48% Oodle)
[2025.11.17-14.20.23:714][  0]LogIoStore: Display: ----------------------------------------------------------------------------------------------------------------------------------------------
[2025.11.17-14.20.23:714][  0]LogIoStore: Display: Total                                                                    2024          200.15               295.66               232.68
[2025.11.17-14.20.23:714][  0]LogIoStore: Display: 
[2025.11.17-14.20.23:714][  0]LogIoStore: Display: ** Flags: (C)ompressed / (E)ncrypted / (S)igned) / (I)ndexed) / (O)nDemand **
[2025.11.17-14.20.23:714][  0]LogIoStore: Display: 
[2025.11.17-14.20.23:714][  0]LogIoStore: Display: Compression block padding:     1.47 MiB
[2025.11.17-14.20.23:714][  0]LogIoStore: Display: 
[2025.11.17-14.20.23:714][  0]LogIoStore: Display: Container Directory Index
[2025.11.17-14.20.23:714][  0]LogIoStore: Display: ==========================
[2025.11.17-14.20.23:715][  0]LogIoStore: Display: 
[2025.11.17-14.20.23:715][  0]LogIoStore: Display: Container                                          Size (KiB)
[2025.11.17-14.20.23:715][  0]LogIoStore: Display: ----------------------------------------------------------------------------------------------------------------------------------------------
[2025.11.17-14.20.23:715][  0]LogIoStore: Display: global                                                   0.00
[2025.11.17-14.20.23:715][  0]LogIoStore: Display: Blaster-Windows                                         31.35
[2025.11.17-14.20.23:715][  0]LogIoStore: Display: 
[2025.11.17-14.20.23:715][  0]LogIoStore: Display: Container Patch Report
[2025.11.17-14.20.23:715][  0]LogIoStore: Display: ========================
[2025.11.17-14.20.23:715][  0]LogIoStore: Display: 
[2025.11.17-14.20.23:715][  0]LogIoStore: Display: Container                                             Total #       Modified #          Added #   Modified (MiB)      Added (MiB)
[2025.11.17-14.20.23:715][  0]LogIoStore: Display: ----------------------------------------------------------------------------------------------------------------------------------------------
[2025.11.17-14.20.23:715][  0]LogIoStore: Display: global                                                      1                0                0             0.00             0.00
[2025.11.17-14.20.23:715][  0]LogIoStore: Display: Blaster-Windows                                          2023                0             2023             0.00           228.78
[2025.11.17-14.20.23:715][  0]LogIoStore: Display: 
[2025.11.17-14.20.23:715][  0]LogIoStore: Display: PackageStore
[2025.11.17-14.20.23:715][  0]LogIoStore: Display: =============
[2025.11.17-14.20.23:715][  0]LogIoStore: Display: 
[2025.11.17-14.20.23:715][  0]LogIoStore: Display: Container                                          Size (KiB)      Packages #     Localized #
[2025.11.17-14.20.23:715][  0]LogIoStore: Display: ----------------------------------------------------------------------------------------------------------------------------------------------
[2025.11.17-14.20.23:715][  0]LogIoStore: Display: Blaster-Windows                                            16             514               0
[2025.11.17-14.20.23:715][  0]LogIoStore: Display: ----------------------------------------------------------------------------------------------------------------------------------------------
[2025.11.17-14.20.23:715][  0]LogIoStore: Display: Total                                                      16             514               0
[2025.11.17-14.20.23:715][  0]LogIoStore: Display: 
[2025.11.17-14.20.23:715][  0]LogIoStore: Display: 
[2025.11.17-14.20.23:715][  0]LogIoStore: Display: Input:       514 Packages
[2025.11.17-14.20.23:715][  0]LogIoStore: Display: Input:      0.16 GB UExp
[2025.11.17-14.20.23:715][  0]LogIoStore: Display: Input:      0.00 GB UAsset
[2025.11.17-14.20.23:715][  0]LogIoStore: Display: Input:      0.03 GB UBulk
[2025.11.17-14.20.23:715][  0]LogIoStore: Display: Input:     85.91 MB for 1015 Global shaders
[2025.11.17-14.20.23:715][  0]LogIoStore: Display: Input:      1.42 MB for 161 Shared shaders
[2025.11.17-14.20.23:715][  0]LogIoStore: Display: Input:      0.00 MB for 0 Unique shaders
[2025.11.17-14.20.23:715][  0]LogIoStore: Display: Input:     12.74 MB for 199 Inline shaders
[2025.11.17-14.20.23:715][  0]LogIoStore: Display: 
[2025.11.17-14.20.23:716][  0]LogIoStore: Display: Output:     5130 Name map entries
[2025.11.17-14.20.23:716][  0]LogIoStore: Display: Output:      561 Imported package entries
[2025.11.17-14.20.23:716][  0]LogIoStore: Display: Output:      299 Packages without imports
[2025.11.17-14.20.23:716][  0]LogIoStore: Display: Output:        0 Public runtime script objects
[2025.11.17-14.20.23:716][  0]LogIoStore: Display: Output:     0.00 GB HeaderData
[2025.11.17-14.20.23:716][  0]LogIoStore: Display: Output:     2.43 MB InitialLoadData
[2025.11.17-14.20.23:716][  0]LogIoStore: Display: 
[2025.11.17-14.20.23:722][  0]LogPakFile: Display: UnrealPak executed in 3.259808 seconds
[2025.11.17-14.20.23:969][  0]LogCore: Engine exit requested (reason: UnrealPak Exiting)
[2025.11.17-14.20.23:969][  0]LogExit: Preparing to exit.
[2025.11.17-14.20.23:970][  0]LogExit: Object subsystem successfully closed.
[2025.11.17-14.20.23:970][  0]LogPakFile: Destroying PakPlatformFile
[2025.11.17-14.20.23:971][  0]LogExit: Exiting.
[2025.11.17-14.20.24:176][  0]Log file closed, 11/17/25 14:20:24
